// Jest Snapshot v1, https://goo.gl/fbAQLP

exports[`should render the correct snapshot 1`] = `
<div
  className="box-layout"
>
  <div
    className="box-layout__box"
  >
    <h1
      className="box-layout__title"
    >
      Expensify App
    </h1>
    <button
      className="btn"
    >
      Login with Google
    </button>
  </div>
</div>
`;
